{"coverage":{"src/MyModule/Bar.hs":{"1":10},"src/MyModule/Foo.hs":{"1":0,"2":1,"3":2},"src/MyModule/Bar/Baz.hs":{"1":20}}}